ASxxxx Linker V03.00 + NoICE + sdld,  page 1.
Hexadecimal  [32-Bits]

Area                                    Addr        Size        Decimal Bytes (Attributes)
--------------------------------        ----        ----        ------- ----- ------------
CABS                                00000000    00000000 =           0. bytes (ABS,CON,CODE)

      Value  Global                              Global Defined In Module
      -----  --------------------------------   ------------------------
C:   00000000  l_CABS                          
C:   00000000  l_GSINIT1                       
C:   00000000  l_GSINIT5                       
C:   00000000  l_IABS                          
C:   00000000  l_ISEG                          
C:   00000000  l_OSEG                          
C:   00000000  l_REG_BANK_2                    
C:   00000000  l_REG_BANK_3                    
C:   00000000  l_RSEG                          
C:   00000000  l_RSEG0                         
C:   00000000  l_RSEG1                         
C:   00000000  l_XABS                          
C:   00000000  l_XINIT                         
C:   00000000  l_XISEG                         
C:   00000000  l_XSEG                          
C:   00000000  l__CODE                         
C:   00000000  s_BSEG                          
C:   00000000  s_CABS                          
C:   00000000  s_DSEG                          
C:   00000000  s_HOME                          
C:   00000000  s_IABS                          
C:   00000000  s_ISEG                          
C:   00000000  s_PSEG                          
C:   00000000  s_REG_BANK_0                    
C:   00000000  s_RSEG                          
C:   00000000  s_RSEG0                         
C:   00000000  s_RSEG1                         
C:   00000000  s_XABS                          
C:   00000001  l_BIT_BANK                      
C:   00000001  l_BSEG_BYTES                    
C:   00000003  l_GSFINAL                       
C:   00000003  l_GSINIT0                       
C:   00000004  l_BSEG                          
C:   00000008  l_REG_BANK_0                    
C:   00000008  l_REG_BANK_1                    
C:   00000008  s_REG_BANK_1                    
C:   0000000A  l_GSINIT2                       
C:   00000010  s_REG_BANK_2                    
C:   00000014  l_CONST                         
C:   00000018  s_REG_BANK_3                    
C:   00000020  s_BSEG_BYTES                    
C:   00000020  s__CODE                         
C:   00000021  l_GSINIT3                       
C:   00000021  s_BIT_BANK                      
C:   00000021  s_OSEG                          
C:   00000022  s_SSEG                          
C:   0000002A  l_GSINIT4                       
C:   00000037  l_GSINIT                        
C:   00000049  l_HOME                          
C:   00000049  s_GSINIT0                       
ASxxxx Linker V03.00 + NoICE + sdld,  page 2.
Hexadecimal  [32-Bits]

Area                                    Addr        Size        Decimal Bytes (Attributes)
--------------------------------        ----        ----        ------- ----- ------------
CABS                                00000000    00000000 =           0. bytes (ABS,CON,CODE)

      Value  Global                              Global Defined In Module
      -----  --------------------------------   ------------------------
C:   0000004C  s_GSINIT1                       
C:   0000004C  s_GSINIT2                       
C:   00000056  s_GSINIT3                       
C:   00000077  s_GSINIT4                       
C:   0000007A  l_DSEG                          
C:   00000080  l_SSEG                          
C:   000000A1  s_GSINIT                        
C:   000000A1  s_GSINIT5                       
C:   000000D2  l_PSEG                          
C:   000000D2  s_XISEG                         
C:   000000D2  s_XSEG                          
C:   000000D8  s_GSFINAL                       
C:   000000DB  s_CSEG                          
C:   00000100  l_IRAM                          
C:   00001532  l_CSEG                          
C:   0000160D  s_CONST                         
C:   00001621  s_XINIT                         

ASxxxx Linker V03.00 + NoICE + sdld,  page 3.
Hexadecimal  [32-Bits]

Area                                    Addr        Size        Decimal Bytes (Attributes)
--------------------------------        ----        ----        ------- ----- ------------
.  .ABS.                            00000000    00000000 =           0. bytes (ABS,CON)

      Value  Global                              Global Defined In Module
      -----  --------------------------------   ------------------------
     00000000  .__.ABS.                           _startup
     00000080  _P0                                main
     00000080  _P0_0                              main
     00000081  _P0_1                              main
     00000081  _SP                                main
     00000082  _DPL                               main
     00000082  _P0_2                              main
     00000083  _DPH                               main
     00000083  _P0_3                              main
     00000084  _P0_4                              main
     00000085  _P0_5                              main
     00000086  _P0_6                              main
     00000087  _P0_7                              main
     00000087  _PCON                              main
     00000088  _IT0                               main
     00000088  _TCON                              main
     00000089  _INT0IF                            main
     00000089  _TMOD                              main
     0000008A  _IT1                               main
     0000008A  _T0L                               main
     0000008B  _INT1IF                            main
     0000008B  _T1L                               main
     0000008C  _T0H                               main
     0000008C  _T0R                               main
     0000008D  _T0IF                              main
     0000008D  _T1H                               main
     0000008E  _AUXR                              main
     0000008E  _T1R                               main
     0000008F  _T1IF                              main
     0000008F  _WAKE_CLKO                         main
     00000090  _P1                                main
     00000090  _P1_0                              main
     00000091  _P1M1                              main
     00000091  _P1_1                              main
     00000092  _P1M0                              main
     00000092  _P1_2                              main
     00000093  _P0M1                              main
     00000093  _P1_3                              main
     00000094  _P0M0                              main
     00000094  _P1_4                              main
     00000095  _P1_5                              main
     00000095  _P2M1                              main
     00000096  _P1_6                              main
     00000096  _P2M0                              main
     00000097  _CLKDIV                            main
     00000097  _P1_7                              main
     00000098  _S1CON                             main
     00000099  _S1BUF                             main
     0000009A  _S2CON                             main
     0000009B  _S2BUF                             main
ASxxxx Linker V03.00 + NoICE + sdld,  page 4.
Hexadecimal  [32-Bits]

Area                                    Addr        Size        Decimal Bytes (Attributes)
--------------------------------        ----        ----        ------- ----- ------------
.  .ABS.                            00000000    00000000 =           0. bytes (ABS,CON)

      Value  Global                              Global Defined In Module
      -----  --------------------------------   ------------------------
     0000009C  _BRT                               main
     0000009D  _P1ASF                             main
     0000009F  _S1SM0_FE                          main
     000000A0  _P2                                main
     000000A0  _P2_0                              main
     000000A0  __XPAGE                            
     000000A1  _BUS_SPEED                         main
     000000A1  _P2_1                              main
     000000A2  _DPS                               main
     000000A2  _P2_2                              main
     000000A2  _P_SW1                             main
     000000A3  _P2_3                              main
     000000A4  _P2_4                              main
     000000A5  _P2_5                              main
     000000A6  _P2_6                              main
     000000A7  _P2_7                              main
     000000A8  _IE1                               main
     000000A9  _SADDR                             main
     000000AF  _EA                                main
     000000AF  _IE2                               main
     000000B0  _P3                                main
     000000B0  _P3_0                              main
     000000B1  _P3M1                              main
     000000B1  _P3_1                              main
     000000B2  _P3M0                              main
     000000B2  _P3_2                              main
     000000B3  _P3_3                              main
     000000B3  _P4M1                              main
     000000B4  _P3_4                              main
     000000B4  _P4M0                              main
     000000B5  _IP2L                              main
     000000B5  _P3_5                              main
     000000B6  _IP2H                              main
     000000B6  _P3_6                              main
     000000B7  _IP1H                              main
     000000B7  _P3_7                              main
     000000B8  _IP1L                              main
     000000B9  _SADEN                             main
     000000BB  _P4SW                              main
     000000BC  _ADC_CONTR                         main
     000000BD  _ADC_RESH                          main
     000000BE  _ADC_RESL                          main
     000000C0  _P4                                main
     000000C0  _P4_0                              main
     000000C1  _P4_1                              main
     000000C1  _WDT_CONTR                         main
     000000C2  _IAP_DATA                          main
     000000C2  _P4_2                              main
     000000C3  _IAP_ADDRH                         main
     000000C3  _P4_3                              main
     000000C4  _IAP_ADDRL                         main
ASxxxx Linker V03.00 + NoICE + sdld,  page 5.
Hexadecimal  [32-Bits]

Area                                    Addr        Size        Decimal Bytes (Attributes)
--------------------------------        ----        ----        ------- ----- ------------
.  .ABS.                            00000000    00000000 =           0. bytes (ABS,CON)

      Value  Global                              Global Defined In Module
      -----  --------------------------------   ------------------------
     000000C4  _P4_4                              main
     000000C5  _IAP_CMD                           main
     000000C5  _P4_5                              main
     000000C6  _IAP_TRIG                          main
     000000C6  _P4_6                              main
     000000C7  _IAP_CONTR                         main
     000000C7  _P4_7                              main
     000000C8  _P5                                main
     000000C8  _P5_0                              main
     000000C9  _P5M1                              main
     000000C9  _P5_1                              main
     000000CA  _P5M0                              main
     000000CA  _P5_2                              main
     000000CB  _P5_3                              main
     000000CC  _P5_4                              main
     000000CD  _P5_5                              main
     000000CD  _SPSTAT                            main
     000000CE  _SPCTL                             main
     000000CF  _SPDAT                             main
     000000D0  _P                                 main
     000000D0  _PSW                               main
     000000D1  _F1                                main
     000000D2  _OV                                main
     000000D3  _RS0                               main
     000000D4  _RS1                               main
     000000D5  _F0                                main
     000000D6  _AC                                main
     000000D7  _CY                                main
     000000D8  _CCF0                              main
     000000D8  _CCON                              main
     000000D9  _CCF1                              main
     000000D9  _CMOD                              main
     000000DA  _CCAPM0                            main
     000000DB  _CCAPM1                            main
     000000DE  _CR                                main
     000000DF  _CF                                main
     000000E0  _ACC                               main
     000000E9  _CL                                main
     000000EA  _CCAP0L                            main
     000000EB  _CCAP1L                            main
     000000F0  _B                                 main
     000000F2  _PCA_PWM0                          main
     000000F3  _PCA_PWM1                          main
     000000F5  _B_5                               _gptrget
     000000F6  _B_6                               _gptrget
     000000F7  _B_7                               _gptrget
     000000F9  _CH                                main
     000000FA  _CCAP0H                            main
     000000FB  _CCAP1H                            main
     00008382  _DP                                main
     00008C8A  _T0                                main
ASxxxx Linker V03.00 + NoICE + sdld,  page 6.
Hexadecimal  [32-Bits]

Area                                    Addr        Size        Decimal Bytes (Attributes)
--------------------------------        ----        ----        ------- ----- ------------
.  .ABS.                            00000000    00000000 =           0. bytes (ABS,CON)

      Value  Global                              Global Defined In Module
      -----  --------------------------------   ------------------------
     00008D8B  _T1                                main
     0000C3C4  _IAP_ADDR                          main
     0000F9E9  _PCA_CTR                           main
     0000FAEA  _CCAP0                             main
     0000FBEB  _CCAP1                             main

ASxxxx Linker V03.00 + NoICE + sdld,  page 7.
Hexadecimal  [32-Bits]

Area                                    Addr        Size        Decimal Bytes (Attributes)
--------------------------------        ----        ----        ------- ----- ------------
BSEG_BYTES                          00000020    00000001 =           1. bytes (REL,CON)

      Value  Global                              Global Defined In Module
      -----  --------------------------------   ------------------------
ASxxxx Linker V03.00 + NoICE + sdld,  page 8.
Hexadecimal  [32-Bits]

Area                                    Addr        Size        Decimal Bytes (Attributes)
--------------------------------        ----        ----        ------- ----- ------------
REG_BANK_0                          00000000    00000008 =           8. bytes (REL,OVR)

      Value  Global                              Global Defined In Module
      -----  --------------------------------   ------------------------
ASxxxx Linker V03.00 + NoICE + sdld,  page 9.
Hexadecimal  [32-Bits]

Area                                    Addr        Size        Decimal Bytes (Attributes)
--------------------------------        ----        ----        ------- ----- ------------
REG_BANK_1                          00000008    00000008 =           8. bytes (REL,OVR)

      Value  Global                              Global Defined In Module
      -----  --------------------------------   ------------------------
ASxxxx Linker V03.00 + NoICE + sdld,  page 10.
Hexadecimal  [32-Bits]

Area                                    Addr        Size        Decimal Bytes (Attributes)
--------------------------------        ----        ----        ------- ----- ------------
BIT_BANK                            00000021    00000001 =           1. bytes (REL,OVR)

      Value  Global                              Global Defined In Module
      -----  --------------------------------   ------------------------
ASxxxx Linker V03.00 + NoICE + sdld,  page 11.
Hexadecimal  [32-Bits]

Area                                    Addr        Size        Decimal Bytes (Attributes)
--------------------------------        ----        ----        ------- ----- ------------
DSEG                                00000000    0000007A =         122. bytes (REL,CON)

      Value  Global                              Global Defined In Module
      -----  --------------------------------   ------------------------
     00000019  _bp                                _bp

ASxxxx Linker V03.00 + NoICE + sdld,  page 12.
Hexadecimal  [32-Bits]

Area                                    Addr        Size        Decimal Bytes (Attributes)
--------------------------------        ----        ----        ------- ----- ------------
SSEG                                00000022    00000080 =         128. bytes (REL,OVR)

      Value  Global                              Global Defined In Module
      -----  --------------------------------   ------------------------
     00000022  __start__stack                     main

ASxxxx Linker V03.00 + NoICE + sdld,  page 13.
Hexadecimal  [32-Bits]

Area                                    Addr        Size        Decimal Bytes (Attributes)
--------------------------------        ----        ----        ------- ----- ------------
PSEG                                00000000    000000D2 =         210. bytes (REL,CON,PAG,XDATA)

      Value  Global                              Global Defined In Module
      -----  --------------------------------   ------------------------
D:   00000000  _startTimer_PARM_2                 timer_hal
D:   00000004  _startTimer_PARM_3                 timer_hal
D:   00000005  _startTimer_PARM_4                 timer_hal
D:   00000006  _startTimer_PARM_5                 timer_hal
D:   00000008  _startWatchdog_PARM_2              timer_hal
D:   00000010  _gpioWrite_PARM_2                  gpio_hal
D:   00000042  _pcaInitialise_PARM_2              pca_hal
D:   00000043  _pcaInitialise_PARM_3              pca_hal
D:   00000044  _pcaInitialise_PARM_4              pca_hal
D:   00000045  _pcaStartCapture_PARM_2            pca_hal
D:   00000046  _pcaStartCapture_PARM_3            pca_hal
D:   00000047  _pcaStartCapture_PARM_4            pca_hal
D:   00000048  _pcaStartCapture_PARM_5            pca_hal
D:   0000004F  _pcaStartPwm_PARM_2                pca_hal
D:   00000050  _pcaStartPwm_PARM_3                pca_hal
D:   00000051  _pcaStartPwm_PARM_4                pca_hal
D:   00000052  _pcaStartPwm_PARM_5                pca_hal
D:   00000054  _pcaSetPwmDutyCycle_PARM_2         pca_hal
D:   00000056  _pcaStartTimer_PARM_2              pca_hal
D:   00000057  _pcaStartTimer_PARM_3              pca_hal
D:   00000058  _pcaStartTimer_PARM_4              pca_hal
D:   00000061  _serialConsoleInitialise_PARM_2    serial_console
D:   00000065  _serialConsoleInitialise_PARM_3    serial_console
D:   00000066  _UART1_inputBuffer                 uart_hal
D:   00000079  _UART1_outputBuffer                uart_hal
D:   0000008C  _UART1_mode                        uart_hal
D:   0000008D  _UART2_inputBuffer                 uart_hal
D:   000000A0  _UART2_outputBuffer                uart_hal
D:   000000B3  _UART2_mode                        uart_hal
D:   000000B4  _uartInitialise_PARM_2             uart_hal
D:   000000B8  _uartInitialise_PARM_3             uart_hal
D:   000000B9  _uartInitialise_PARM_4             uart_hal
D:   000000BA  _uartInitialise_PARM_5             uart_hal
D:   000000BB  _uartSendCharacter_PARM_2          uart_hal
D:   000000C7  _pcaOnInterrupt_PARM_2             main
D:   000000C9  __divulong_PARM_2                  _divulong
D:   000000D1  __gptrput_PARM_2                   _gptrput

ASxxxx Linker V03.00 + NoICE + sdld,  page 14.
Hexadecimal  [32-Bits]

Area                                    Addr        Size        Decimal Bytes (Attributes)
--------------------------------        ----        ----        ------- ----- ------------
HOME                                00000000    00000049 =          73. bytes (REL,CON,CODE)

      Value  Global                              Global Defined In Module
      -----  --------------------------------   ------------------------
C:   00000046  __sdcc_program_startup             main

ASxxxx Linker V03.00 + NoICE + sdld,  page 15.
Hexadecimal  [32-Bits]

Area                                    Addr        Size        Decimal Bytes (Attributes)
--------------------------------        ----        ----        ------- ----- ------------
GSINIT0                             00000049    00000003 =           3. bytes (REL,CON,CODE)

      Value  Global                              Global Defined In Module
      -----  --------------------------------   ------------------------
C:   00000049  __sdcc_gsinit_startup              

ASxxxx Linker V03.00 + NoICE + sdld,  page 16.
Hexadecimal  [32-Bits]

Area                                    Addr        Size        Decimal Bytes (Attributes)
--------------------------------        ----        ----        ------- ----- ------------
GSINIT2                             0000004C    0000000A =          10. bytes (REL,CON,CODE)

      Value  Global                              Global Defined In Module
      -----  --------------------------------   ------------------------
ASxxxx Linker V03.00 + NoICE + sdld,  page 17.
Hexadecimal  [32-Bits]

Area                                    Addr        Size        Decimal Bytes (Attributes)
--------------------------------        ----        ----        ------- ----- ------------
GSINIT3                             00000056    00000021 =          33. bytes (REL,CON,CODE)

      Value  Global                              Global Defined In Module
      -----  --------------------------------   ------------------------
C:   00000056  __mcs51_genXINIT                   

ASxxxx Linker V03.00 + NoICE + sdld,  page 18.
Hexadecimal  [32-Bits]

Area                                    Addr        Size        Decimal Bytes (Attributes)
--------------------------------        ----        ----        ------- ----- ------------
GSINIT4                             00000077    0000002A =          42. bytes (REL,CON,CODE)

      Value  Global                              Global Defined In Module
      -----  --------------------------------   ------------------------
C:   00000077  __mcs51_genRAMCLEAR                
C:   0000007D  __mcs51_genXRAMCLEAR               

ASxxxx Linker V03.00 + NoICE + sdld,  page 19.
Hexadecimal  [32-Bits]

Area                                    Addr        Size        Decimal Bytes (Attributes)
--------------------------------        ----        ----        ------- ----- ------------
GSINIT                              000000A1    00000037 =          55. bytes (REL,CON,CODE)

      Value  Global                              Global Defined In Module
      -----  --------------------------------   ------------------------
ASxxxx Linker V03.00 + NoICE + sdld,  page 20.
Hexadecimal  [32-Bits]

Area                                    Addr        Size        Decimal Bytes (Attributes)
--------------------------------        ----        ----        ------- ----- ------------
GSFINAL                             000000D8    00000003 =           3. bytes (REL,CON,CODE)

      Value  Global                              Global Defined In Module
      -----  --------------------------------   ------------------------
ASxxxx Linker V03.00 + NoICE + sdld,  page 21.
Hexadecimal  [32-Bits]

Area                                    Addr        Size        Decimal Bytes (Attributes)
--------------------------------        ----        ----        ------- ----- ------------
CSEG                                000000DB    00001532 =        5426. bytes (REL,CON,CODE)

      Value  Global                              Global Defined In Module
      -----  --------------------------------   ------------------------
C:   000000DB  _baudRateToSysclkDivisor           timer_hal
C:   0000012D  _frequencyToSysclkDivisor          timer_hal
C:   0000014B  _startTimer                        timer_hal
C:   000002E6  _startWatchdog                     timer_hal
C:   00000300  _clearWatchdog                     timer_hal
C:   00000304  _delay1ms                          delay
C:   00000326  _delay10us                         delay
C:   000003D2  _gpioConfigure                     gpio_hal
C:   00000717  _gpioRead                          gpio_hal
C:   00000781  _gpioWrite                         gpio_hal
C:   0000093B  _pcaInitialise                     pca_hal
C:   00000980  _pcaStartCapture                   pca_hal
C:   00000A84  _pcaStartPwm                       pca_hal
C:   00000AAC  _pcaSetPwmDutyCycle                pca_hal
C:   00000ACC  _pcaStartTimer                     pca_hal
C:   00000B31  ___pca_isr                         pca_hal
C:   00000D29  _serialConsoleInitialise           serial_console
C:   00000D55  _putchar                           serial_console
C:   00000D86  _getchar                           serial_console
C:   00000E03  _uartReceiveBufferEmpty            uart_hal
C:   00000E13  _uartReceiveBufferFull             uart_hal
C:   00000E23  _uartTransmitBufferEmpty           uart_hal
C:   00000E33  _uartTransmitBufferFull            uart_hal
C:   00000E43  _uartInitialise                    uart_hal
C:   00000FE4  ___uart1_isr                       uart_hal
C:   00001072  ___uart2_isr                       uart_hal
C:   00001100  _uartGetCharacter                  uart_hal
C:   00001130  _uartSendCharacter                 uart_hal
C:   000011CC  _uartBufferInitialise              uart_buffer
C:   0000120A  _uartBufferLength                  uart_buffer
C:   00001263  _uartBufferWrite                   uart_buffer
C:   0000132E  _uartBufferRead                    uart_buffer
C:   000013EB  _pcaOnInterrupt                    main
C:   000013EC  _pcaUpdateGlowingDutyCycle         main
C:   00001443  _echoCharactersReceived            main
C:   0000146D  _stuffToDoWhileTheLedBlinks        main
C:   00001486  _main                              main
C:   00001535  __divulong                         _divulong
C:   000015D2  __gptrput                          _gptrput
C:   000015ED  __gptrget                          _gptrget
C:   00001609  __sdcc_external_startup            _startup

ASxxxx Linker V03.00 + NoICE + sdld,  page 22.
Hexadecimal  [32-Bits]

Area                                    Addr        Size        Decimal Bytes (Attributes)
--------------------------------        ----        ----        ------- ----- ------------
CONST                               0000160D    00000014 =          20. bytes (REL,CON,CODE)

      Value  Global                              Global Defined In Module
      -----  --------------------------------   ------------------------
ASxxxx Linker V03.00 + NoICE + sdld,  page 23.

Files Linked                              [ module(s) ]

build/release/timer-hal.rel               [  ]
build/release/delay.rel                   [  ]
build/release/gpio-hal.rel                [  ]
build/release/pca-hal.rel                 [  ]
build/release/serial-console.rel          [  ]
build/release/uart-hal.rel                [  ]
build/release/uart-buffer.rel             [  ]
build/release/main.rel                    [  ]
build/release/crtxinit.rel                [  ]


Libraries Linked                          [ object file ]

/usr/bin/../share/sdcc/lib/medium/liblong.lib
                                          [ _divulong.rel ]
/usr/bin/../share/sdcc/lib/medium/mcs51.lib
                                          [ crtclear.rel ]
/usr/bin/../share/sdcc/lib/medium/libsdcc.lib
                                          [ _gptrput.rel ]
/usr/bin/../share/sdcc/lib/medium/mcs51.lib
                                          [ crtxclear.rel ]
/usr/bin/../share/sdcc/lib/medium/libsdcc.lib
                                          [ _bp.rel ]
/usr/bin/../share/sdcc/lib/medium/mcs51.lib
                                          [ crtpagesfr.rel ]
/usr/bin/../share/sdcc/lib/medium/mcs51.lib
                                          [ crtstart.rel ]
/usr/bin/../share/sdcc/lib/medium/libsdcc.lib
                                          [ _gptrget.rel ]
/usr/bin/../share/sdcc/lib/medium/libsdcc.lib
                                          [ _startup.rel ]

ASxxxx Linker V03.00 + NoICE + sdld,  page 24.

User Base Address Definitions

HOME = 0x0000
ISEG = 0x0000
BSEG = 0x0000

